ARM GAS   			page 1


   1              	 .cpu cortex-m4
   2              	 .arch armv7e-m
   3              	 .fpu fpv4-sp-d16
   4              	 .eabi_attribute 27,1
   5              	 .eabi_attribute 28,1
   6              	 .eabi_attribute 20,1
   7              	 .eabi_attribute 21,1
   8              	 .eabi_attribute 23,3
   9              	 .eabi_attribute 24,1
  10              	 .eabi_attribute 25,1
  11              	 .eabi_attribute 26,1
  12              	 .eabi_attribute 30,6
  13              	 .eabi_attribute 34,0
  14              	 .eabi_attribute 18,4
  15              	 .file "SEGGER_RTT_Syscalls_IAR.c"
  16              	 .text
  17              	.Ltext0:
  18              	 .cfi_sections .debug_frame
  19              	.Letext0:
  20              	 .section .debug_line,"",%progbits
  21              	.Ldebug_line0:
  22              	 .section .debug_str,"MS",%progbits,1
  23              	.LASF0:
  24 0000 433A5C55 	 .ascii "C:\\Users\\niels\\Documents\\GitHub\\DSP\\software\\"
  24      73657273 
  24      5C6E6965 
  24      6C735C44 
  24      6F63756D 
  25 002d 53544D33 	 .ascii "STM32Basis\\Segger\\Segger_RTT\\Syscalls\\SEGGER_RT"
  25      32426173 
  25      69735C53 
  25      65676765 
  25      725C5365 
  26 005c 545F5379 	 .ascii "T_Syscalls_IAR.c\000"
  26      7363616C 
  26      6C735F49 
  26      41522E63 
  26      00
  27              	.LASF1:
  28 006d 474E5520 	 .ascii "GNU C++14 10.3.1 20210824 (release) -mcpu=cortex-m4"
  28      432B2B31 
  28      34203130 
  28      2E332E31 
  28      20323032 
  29 00a0 202D6D66 	 .ascii " -mfloat-abi=hard -mfpu=fpv4-sp-d16 -mfix-cortex-m3"
  29      6C6F6174 
  29      2D616269 
  29      3D686172 
  29      64202D6D 
  30 00d3 2D6C6472 	 .ascii "-ldrd -mthumb -mno-unaligned-access -mapcs-frame -m"
  30      64202D6D 
  30      7468756D 
  30      62202D6D 
  30      6E6F2D75 
  31 0106 61726368 	 .ascii "arch=armv7e-m+fp -g -g -O0 -std=c++14 -fsingle-prec"
  31      3D61726D 
  31      7637652D 
ARM GAS   			page 2


  31      6D2B6670 
  31      202D6720 
  32 0139 6973696F 	 .ascii "ision-constant -funsigned-char -ffunction-sections "
  32      6E2D636F 
  32      6E737461 
  32      6E74202D 
  32      66756E73 
  33 016c 2D666461 	 .ascii "-fdata-sections\000"
  33      74612D73 
  33      65637469 
  33      6F6E7300 
  34              	.LASF2:
  35 017c 433A5C55 	 .ascii "C:\\Users\\niels\\Documents\\GitHub\\DSP\\software\\"
  35      73657273 
  35      5C6E6965 
  35      6C735C44 
  35      6F63756D 
  36 01a9 6F706472 	 .ascii "opdracht5\\CLion\\Debug\\SeggerRTT\000"
  36      61636874 
  36      355C434C 
  36      696F6E5C 
  36      44656275 
  37              	 .ident "GCC: (GNU Arm Embedded Toolchain 10.3-2021.10) 10.3.1 20210824 (release)"
